Analyzing economy_details_provider.dart...                      

warning - Unused import: '../../../core/models/planting.dart' - lib\features\statistics\application\economy_details_provider.dart:6:8 - unused_import
warning - The left operand can't be null, so the right operand is never executed - lib\features\statistics\application\economy_details_provider.dart:210:73 - dead_null_aware_expression
warning - The left operand can't be null, so the right operand is never executed - lib\features\statistics\application\economy_details_provider.dart:225:51 - dead_null_aware_expression
warning - The left operand can't be null, so the right operand is never executed - lib\features\statistics\application\economy_details_provider.dart:268:71 - dead_null_aware_expression
warning - The left operand can't be null, so the right operand is never executed - lib\features\statistics\application\economy_details_provider.dart:287:76 - dead_null_aware_expression
   info - Statements in a for should be enclosed in a block - lib\features\statistics\application\economy_details_provider.dart:291:33 - curly_braces_in_flow_control_structures
   info - The variable name 'p_i' isn't a lowerCamelCase identifier - lib\features\statistics\application\economy_details_provider.dart:343:13 - non_constant_identifier_names
   info - Statements in an if should be enclosed in a block - lib\features\statistics\application\economy_details_provider.dart:350:29 - curly_braces_in_flow_control_structures
   info - Statements in an if should be enclosed in a block - lib\features\statistics\application\economy_details_provider.dart:351:35 - curly_braces_in_flow_control_structures
   info - Statements in an if should be enclosed in a block - lib\features\statistics\application\economy_details_provider.dart:352:8 - curly_braces_in_flow_control_structures
warning - The left operand can't be null, so the right operand is never executed - lib\features\statistics\application\economy_details_provider.dart:375:44 - dead_null_aware_expression
   info - Statements in a for should be enclosed in a block - lib\features\statistics\application\economy_details_provider.dart:379:28 - curly_braces_in_flow_control_structures
   info - Statements in an if should be enclosed in a block - lib\features\statistics\application\economy_details_provider.dart:412:28 - curly_braces_in_flow_control_structures
   info - Statements in an if should be enclosed in a block - lib\features\statistics\application\economy_details_provider.dart:413:34 - curly_braces_in_flow_control_structures
   info - Statements in an if should be enclosed in a block - lib\features\statistics\application\economy_details_provider.dart:414:14 - curly_braces_in_flow_control_structures

