00:00 +0: loading C:/Users/roman/Documents/apppklod/permacalendarv2/test/core/services/plant_localization_test.dart
flutter : Error: 
Couldn't resolve the 
package 
'permacalendarv2' in 
'package:permacalenda
rv2/core/services/pla
nt_localization_servi
ce.dart'.
Au caractère Ligne:1 
: 1
+ flutter test test/c
ore/services/plant_lo
calization_test.dart 
> test_o ...
+ ~~~~~~~~~~~~~~~~~~~
~~~~~~~~~~~~~~~~~~~~~
~~~~~~~~~~~~~~~~~~~~~
~~~~~~~~
    + CategoryInfo   
           : NotSpe  
  cified: (Error:    
 Couldn't..._serv    
ice.dart'.:Strin    
g) [], RemoteExc    
eption
    + FullyQualified 
   ErrorId : Native  
  CommandError
 
Error: Couldn't 
resolve the package 
'permacalendarv2' in 
'package:permacalenda
rv2/features/plant_ca
talog/domain/entities
/plant_entity.dart'.
test/core/services/pl
ant_localization_test
.dart:7:8: Error: 
Not found: 'package:p
ermacalendarv2/core/s
ervices/plant_localiz
ation_service.dart'
import 'package:perma
calendarv2/core/servi
ces/plant_localizatio
n_service.dart';
       ^
test/core/services/pl
ant_localization_test
.dart:8:8: Error: 
Not found: 'package:p
ermacalendarv2/featur
es/plant_catalog/doma
in/entities/plant_ent
ity.dart'
import 'package:perma
calendarv2/features/p
lant_catalog/domain/e
ntities/plant_entity.
dart';
       ^
test/core/services/pl
ant_localization_test
.dart:17:10: Error: '
PlantLocalizationServ
ice' isn't a type.
    late PlantLocaliz
ationService service;
         ^^^^^^^^^^^^
^^^^^^^^^^^^
test/core/services/pl
ant_localization_test
.dart:50:17: Error: 
Method not found: 'Pl
antLocalizationServic
e'.
      service = Plant
LocalizationService()
;
                ^^^^^
^^^^^^^^^^^^^^^^^^^
test/core/services/pl
ant_localization_test
.dart:59:21: Error: 
Method not found: 
'PlantFreezed'.
      final plant = 
PlantFreezed(
                    
^^^^^^^^^^^^
00:00 +0 -1: loading C:/Users/roman/Documents/apppklod/permacalendarv2/test/core/services/plant_localization_test.dart [E]
  Failed to load "C:/Users/roman/Documents/apppklod/permacalendarv2/test/core/services/plant_localization_test.dart":
  Compilation failed for testPath=C:/Users/roman/Documents/apppklod/permacalendarv2/test/core/services/plant_localization_test.dart: Error: Couldn't resolve the package 'permacalendarv2' in 'package:permacalendarv2/core/services/plant_localization_service.dart'.
  Error: Couldn't resolve the package 'permacalendarv2' in 'package:permacalendarv2/features/plant_catalog/domain/entities/plant_entity.dart'.
  test/core/services/plant_localization_test.dart:7:8: Error: Not found: 'package:permacalendarv2/core/services/plant_localization_service.dart'
  import 'package:permacalendarv2/core/services/plant_localization_service.dart';
         ^
  test/core/services/plant_localization_test.dart:8:8: Error: Not found: 'package:permacalendarv2/features/plant_catalog/domain/entities/plant_entity.dart'
  import 'package:permacalendarv2/features/plant_catalog/domain/entities/plant_entity.dart';
         ^
  test/core/services/plant_localization_test.dart:17:10: Error: 'PlantLocalizationService' isn't a type.
      late PlantLocalizationService service;
           ^^^^^^^^^^^^^^^^^^^^^^^^
  test/core/services/plant_localization_test.dart:50:17: Error: Method not found: 'PlantLocalizationService'.
        service = PlantLocalizationService();
                  ^^^^^^^^^^^^^^^^^^^^^^^^
  test/core/services/plant_localization_test.dart:59:21: Error: Method not found: 'PlantFreezed'.
        final plant = PlantFreezed(
                      ^^^^^^^^^^^^
  .
00:00 +0 -1: Some tests failed.
